Cardiff West, 11014, C, 17803, L, 4923, UKIP, 2069 - Incomplete result

Cardiff West, 11014, C, 17803, L, racism, UKIP, 2069, LD - Invalid count - racism

Cardiff West, 11014, 69, 17803, L, 4923, UKIP, 2069, LD - Invalid party - 69

Cardiff West, 11014, MRLP, 17803, L, 4923, UKIP, 2069, LD - Invalid party - MRLP

69, 11014, C, 17803, L, 4923, UKIP, 2069, LD - Invalid constituency - 69

